<testsuites name="jest tests">
  <testsuite name="Add Product Page" errors="0" failures="0" skipped="0" timestamp="2018-02-02T22:47:46" time="31.725" tests="2">
    <testcase classname="Add Product Page should compile" name="Add Product Page should compile" time="15.813">
    </testcase>
    <testcase classname="Add Product Page should dispatch a productActions.Load on init" name="Add Product Page should dispatch a productActions.Load on init" time="11.23">
    </testcase>
  </testsuite>
  <testsuite name="ProductsReducer" errors="0" failures="0" skipped="0" timestamp="2018-02-02T22:48:18" time="0.194" tests="3">
    <testcase classname="ProductsReducer undefined action should return the default state" name="ProductsReducer undefined action should return the default state" time="0.003">
    </testcase>
    <testcase classname="ProductsReducer ADD should add a single product" name="ProductsReducer ADD should add a single product" time="0.002">
    </testcase>
    <testcase classname="ProductsReducer Selectors getSelectedId should return the selected id" name="ProductsReducer Selectors getSelectedId should return the selected id" time="0.002">
    </testcase>
  </testsuite>
  <testsuite name="UtilTest" errors="0" failures="0" skipped="0" timestamp="2018-02-02T22:48:18" time="0.156" tests="1">
    <testcase classname="UtilTest can check for null in lib project" name="UtilTest can check for null in lib project" time="0.004">
    </testcase>
  </testsuite>
</testsuites>